INFO:root: 2017/12/1 UTC[17:2:24] - Initiated
INFO:root: complete
INFO:root: 2017/12/1 UTC[17:3:18] - Initiated
INFO:root:		Email generated
INFO:root: complete
